error: used `debug_assert!` with an inverted condition
  --> $DIR/bool_assert_inverted.rs:41:5
   |
LL |     debug_assert!(!"a".is_empty());
   |     ^^^^^^^^^^^^^^^^^^^^^^^^^^^^^^ help: replace it with: `debug_assert_eq!(.., false, ..)`
   |
   = note: `-D clippy::bool-assert-inverted` implied by `-D warnings`

error: used `debug_assert!` with an inverted condition
  --> $DIR/bool_assert_inverted.rs:43:5
   |
LL |     debug_assert!(!a);
   |     ^^^^^^^^^^^^^^^^^ help: replace it with: `debug_assert_eq!(.., false, ..)`

error: used `debug_assert!` with an inverted condition
  --> $DIR/bool_assert_inverted.rs:51:5
   |
LL |     debug_assert!(!"a".is_empty(), "tadam {}", false);
   |     ^^^^^^^^^^^^^^^^^^^^^^^^^^^^^^^^^^^^^^^^^^^^^^^^^ help: replace it with: `debug_assert_eq!(.., false, ..)`

error: used `debug_assert!` with an inverted condition
  --> $DIR/bool_assert_inverted.rs:53:5
   |
LL |     debug_assert!(!a, "tadam {}", false);
   |     ^^^^^^^^^^^^^^^^^^^^^^^^^^^^^^^^^^^^ help: replace it with: `debug_assert_eq!(.., false, ..)`

error: aborting due to 4 previous errors

