error: default numeric fallback might occur
  --> $DIR/default_numeric_fallback_i32.rs:20:17
   |
LL |         let x = 22;
   |                 ^^ help: consider adding suffix: `22_i32`
   |
   = note: `-D clippy::default-numeric-fallback` implied by `-D warnings`

error: default numeric fallback might occur
  --> $DIR/default_numeric_fallback_i32.rs:21:18
   |
LL |         let x = [1, 2, 3];
   |                  ^ help: consider adding suffix: `1_i32`

error: default numeric fallback might occur
  --> $DIR/default_numeric_fallback_i32.rs:21:21
   |
LL |         let x = [1, 2, 3];
   |                     ^ help: consider adding suffix: `2_i32`

error: default numeric fallback might occur
  --> $DIR/default_numeric_fallback_i32.rs:21:24
   |
LL |         let x = [1, 2, 3];
   |                        ^ help: consider adding suffix: `3_i32`

error: default numeric fallback might occur
  --> $DIR/default_numeric_fallback_i32.rs:22:28
   |
LL |         let x = if true { (1, 2) } else { (3, 4) };
   |                            ^ help: consider adding suffix: `1_i32`

error: default numeric fallback might occur
  --> $DIR/default_numeric_fallback_i32.rs:22:31
   |
LL |         let x = if true { (1, 2) } else { (3, 4) };
   |                               ^ help: consider adding suffix: `2_i32`

error: default numeric fallback might occur
  --> $DIR/default_numeric_fallback_i32.rs:22:44
   |
LL |         let x = if true { (1, 2) } else { (3, 4) };
   |                                            ^ help: consider adding suffix: `3_i32`

error: default numeric fallback might occur
  --> $DIR/default_numeric_fallback_i32.rs:22:47
   |
LL |         let x = if true { (1, 2) } else { (3, 4) };
   |                                               ^ help: consider adding suffix: `4_i32`

error: default numeric fallback might occur
  --> $DIR/default_numeric_fallback_i32.rs:23:23
   |
LL |         let x = match 1 {
   |                       ^ help: consider adding suffix: `1_i32`

error: default numeric fallback might occur
  --> $DIR/default_numeric_fallback_i32.rs:24:13
   |
LL |             1 => 1,
   |             ^ help: consider adding suffix: `1_i32`

error: default numeric fallback might occur
  --> $DIR/default_numeric_fallback_i32.rs:24:18
   |
LL |             1 => 1,
   |                  ^ help: consider adding suffix: `1_i32`

error: default numeric fallback might occur
  --> $DIR/default_numeric_fallback_i32.rs:25:18
   |
LL |             _ => 2,
   |                  ^ help: consider adding suffix: `2_i32`

error: default numeric fallback might occur
  --> $DIR/default_numeric_fallback_i32.rs:42:21
   |
LL |             let y = 1;
   |                     ^ help: consider adding suffix: `1_i32`

error: default numeric fallback might occur
  --> $DIR/default_numeric_fallback_i32.rs:50:21
   |
LL |             let y = 1;
   |                     ^ help: consider adding suffix: `1_i32`

error: default numeric fallback might occur
  --> $DIR/default_numeric_fallback_i32.rs:56:21
   |
LL |             let y = 1;
   |                     ^ help: consider adding suffix: `1_i32`

error: default numeric fallback might occur
  --> $DIR/default_numeric_fallback_i32.rs:68:9
   |
LL |         1
   |         ^ help: consider adding suffix: `1_i32`

error: default numeric fallback might occur
  --> $DIR/default_numeric_fallback_i32.rs:74:27
   |
LL |         let f = || -> _ { 1 };
   |                           ^ help: consider adding suffix: `1_i32`

error: default numeric fallback might occur
  --> $DIR/default_numeric_fallback_i32.rs:78:29
   |
LL |         let f = || -> i32 { 1 };
   |                             ^ help: consider adding suffix: `1_i32`

error: default numeric fallback might occur
  --> $DIR/default_numeric_fallback_i32.rs:92:21
   |
LL |         generic_arg(1);
   |                     ^ help: consider adding suffix: `1_i32`

error: default numeric fallback might occur
  --> $DIR/default_numeric_fallback_i32.rs:95:32
   |
LL |         let x: _ = generic_arg(1);
   |                                ^ help: consider adding suffix: `1_i32`

error: default numeric fallback might occur
  --> $DIR/default_numeric_fallback_i32.rs:113:28
   |
LL |         GenericStruct { x: 1 };
   |                            ^ help: consider adding suffix: `1_i32`

error: default numeric fallback might occur
  --> $DIR/default_numeric_fallback_i32.rs:116:36
   |
LL |         let _ = GenericStruct { x: 1 };
   |                                    ^ help: consider adding suffix: `1_i32`

error: default numeric fallback might occur
  --> $DIR/default_numeric_fallback_i32.rs:134:24
   |
LL |         GenericEnum::X(1);
   |                        ^ help: consider adding suffix: `1_i32`

error: default numeric fallback might occur
  --> $DIR/default_numeric_fallback_i32.rs:154:23
   |
LL |         s.generic_arg(1);
   |                       ^ help: consider adding suffix: `1_i32`

error: default numeric fallback might occur
  --> $DIR/default_numeric_fallback_i32.rs:161:21
   |
LL |             let x = 22;
   |                     ^^ help: consider adding suffix: `22_i32`
...
LL |         internal_macro!();
   |         ----------------- in this macro invocation
   |
   = note: this error originates in the macro `internal_macro` (in Nightly builds, run with -Z macro-backtrace for more info)

error: aborting due to 25 previous errors

