error: non-unit variant contains no fields
  --> tests/ui/empty_enum_variants_with_brackets.rs:11:17
   |
LL |     EmptyBraces {},
   |                 ^^
   |
note: the lint level is defined here
  --> tests/ui/empty_enum_variants_with_brackets.rs:2:9
   |
LL | #![deny(clippy::empty_enum_variants_with_brackets)]
   |         ^^^^^^^^^^^^^^^^^^^^^^^^^^^^^^^^^^^^^^^^^
   = help: remove the braces

error: non-unit variant contains no fields
  --> tests/ui/empty_enum_variants_with_brackets.rs:18:17
   |
LL |     EmptyBraces {},
   |                 ^^
   |
   = help: remove the braces

error: non-unit variant contains no fields
  --> tests/ui/empty_enum_variants_with_brackets.rs:19:21
   |
LL |     EmptyParentheses(),
   |                     ^^
   |
   = help: remove the parenthesis

error: non-unit variant contains no fields
  --> tests/ui/empty_enum_variants_with_brackets.rs:57:16
   |
LL |         Unknown(),
   |                ^^
   |
   = help: remove the parenthesis

error: non-unit variant contains no fields
  --> tests/ui/empty_enum_variants_with_brackets.rs:71:16
   |
LL |         Unknown(),
   |                ^^
   |
   = help: remove the parenthesis

error: non-unit variant contains no fields
  --> tests/ui/empty_enum_variants_with_brackets.rs:76:20
   |
LL |         Parentheses(),
   |                    ^^
   |
   = help: remove the parenthesis

error: non-unit variant contains no fields
  --> tests/ui/empty_enum_variants_with_brackets.rs:89:20
   |
LL |         Parentheses(),
   |                    ^^
   |
   = help: remove the parenthesis

error: aborting due to 7 previous errors

