error: manual implementation of `checked_shl`
  --> $DIR/manual_checked_op.rs:8:17
   |
LL |         let _ = if x < 8 { 1u8 << x } else { panic!() };
   |                 ^^^^^^^^^^^^^^^^^^^^^^^^^^^^^^^^^^^^^^^ help: try: `1u8.checked_shl(x).unwrap()`
   |
   = note: `-D clippy::manual-checked-op` implied by `-D warnings`
   = help: to override `-D warnings` add `#[allow(clippy::manual_checked_op)]`

error: manual implementation of `checked_shl`
  --> $DIR/manual_checked_op.rs:9:17
   |
LL |         let _ = if x <= 7 { 1u8 << x } else { panic!() };
   |                 ^^^^^^^^^^^^^^^^^^^^^^^^^^^^^^^^^^^^^^^^ help: try: `1u8.checked_shl(x).unwrap()`

error: manual implementation of `checked_shl`
  --> $DIR/manual_checked_op.rs:10:17
   |
LL |         let _ = if x < 16 { 1u16 << x } else { panic!() };
   |                 ^^^^^^^^^^^^^^^^^^^^^^^^^^^^^^^^^^^^^^^^^ help: try: `1u16.checked_shl(x).unwrap()`

error: manual implementation of `checked_shl`
  --> $DIR/manual_checked_op.rs:11:17
   |
LL |         let _ = if x <= 15 { 1u16 << x } else { panic!() };
   |                 ^^^^^^^^^^^^^^^^^^^^^^^^^^^^^^^^^^^^^^^^^^ help: try: `1u16.checked_shl(x).unwrap()`

error: manual implementation of `checked_shl`
  --> $DIR/manual_checked_op.rs:12:17
   |
LL |         let _ = if x < 32 { 1u32 << x } else { panic!() };
   |                 ^^^^^^^^^^^^^^^^^^^^^^^^^^^^^^^^^^^^^^^^^ help: try: `1u32.checked_shl(x).unwrap()`

error: manual implementation of `checked_shl`
  --> $DIR/manual_checked_op.rs:13:17
   |
LL |         let _ = if x <= 31 { 1u32 << x } else { panic!() };
   |                 ^^^^^^^^^^^^^^^^^^^^^^^^^^^^^^^^^^^^^^^^^^ help: try: `1u32.checked_shl(x).unwrap()`

error: manual implementation of `checked_shl`
  --> $DIR/manual_checked_op.rs:14:17
   |
LL |         let _ = if x < 64 { 1u64 << x } else { panic!() };
   |                 ^^^^^^^^^^^^^^^^^^^^^^^^^^^^^^^^^^^^^^^^^ help: try: `1u64.checked_shl(x).unwrap()`

error: manual implementation of `checked_shl`
  --> $DIR/manual_checked_op.rs:15:17
   |
LL |         let _ = if x <= 63 { 1u64 << x } else { panic!() };
   |                 ^^^^^^^^^^^^^^^^^^^^^^^^^^^^^^^^^^^^^^^^^^ help: try: `1u64.checked_shl(x).unwrap()`

error: manual implementation of `checked_shl`
  --> $DIR/manual_checked_op.rs:16:17
   |
LL |         let _ = if x < 128 { 1u128 << x } else { panic!() };
   |                 ^^^^^^^^^^^^^^^^^^^^^^^^^^^^^^^^^^^^^^^^^^^ help: try: `1u128.checked_shl(x).unwrap()`

error: manual implementation of `checked_shl`
  --> $DIR/manual_checked_op.rs:17:17
   |
LL |         let _ = if x <= 127 { 1u128 << x } else { panic!() };
   |                 ^^^^^^^^^^^^^^^^^^^^^^^^^^^^^^^^^^^^^^^^^^^^ help: try: `1u128.checked_shl(x).unwrap()`

error: manual implementation of `checked_shl`
  --> $DIR/manual_checked_op.rs:19:17
   |
LL |         let _ = if x < u8::BITS { 1u8 << x } else { panic!() };
   |                 ^^^^^^^^^^^^^^^^^^^^^^^^^^^^^^^^^^^^^^^^^^^^^^ help: try: `1u8.checked_shl(x).unwrap()`

error: manual implementation of `checked_shl`
  --> $DIR/manual_checked_op.rs:20:17
   |
LL |         let _ = if x < u16::BITS { 1u16 << x } else { panic!() };
   |                 ^^^^^^^^^^^^^^^^^^^^^^^^^^^^^^^^^^^^^^^^^^^^^^^^ help: try: `1u16.checked_shl(x).unwrap()`

error: manual implementation of `checked_shl`
  --> $DIR/manual_checked_op.rs:21:17
   |
LL |         let _ = if x < u32::BITS { 1u32 << x } else { panic!() };
   |                 ^^^^^^^^^^^^^^^^^^^^^^^^^^^^^^^^^^^^^^^^^^^^^^^^ help: try: `1u32.checked_shl(x).unwrap()`

error: manual implementation of `checked_shl`
  --> $DIR/manual_checked_op.rs:22:17
   |
LL |         let _ = if x < u64::BITS { 1u64 << x } else { panic!() };
   |                 ^^^^^^^^^^^^^^^^^^^^^^^^^^^^^^^^^^^^^^^^^^^^^^^^ help: try: `1u64.checked_shl(x).unwrap()`

error: manual implementation of `checked_shl`
  --> $DIR/manual_checked_op.rs:23:17
   |
LL |         let _ = if x < u128::BITS { 1u128 << x } else { panic!() };
   |                 ^^^^^^^^^^^^^^^^^^^^^^^^^^^^^^^^^^^^^^^^^^^^^^^^^^ help: try: `1u128.checked_shl(x).unwrap()`

error: manual implementation of `checked_shl`
  --> $DIR/manual_checked_op.rs:24:17
   |
LL |         let _ = if x < usize::BITS { 1usize << x } else { panic!() };
   |                 ^^^^^^^^^^^^^^^^^^^^^^^^^^^^^^^^^^^^^^^^^^^^^^^^^^^^ help: try: `1usize.checked_shl(x).unwrap()`

error: manual implementation of `checked_shl`
  --> $DIR/manual_checked_op.rs:25:17
   |
LL |         let _ = if x <= usize::BITS - 1 { 1usize << x } else { panic!() };
   |                 ^^^^^^^^^^^^^^^^^^^^^^^^^^^^^^^^^^^^^^^^^^^^^^^^^^^^^^^^^ help: try: `1usize.checked_shl(x).unwrap()`

error: manual implementation of `checked_shl`
  --> $DIR/manual_checked_op.rs:27:17
   |
LL |         let _ = if x < 8 { 1i8 << x } else { panic!() };
   |                 ^^^^^^^^^^^^^^^^^^^^^^^^^^^^^^^^^^^^^^^ help: try: `1i8.checked_shl(x).unwrap()`

error: manual implementation of `checked_shl`
  --> $DIR/manual_checked_op.rs:28:17
   |
LL |         let _ = if x <= 7 { 1i8 << x } else { panic!() };
   |                 ^^^^^^^^^^^^^^^^^^^^^^^^^^^^^^^^^^^^^^^^ help: try: `1i8.checked_shl(x).unwrap()`

error: manual implementation of `checked_shl`
  --> $DIR/manual_checked_op.rs:29:17
   |
LL |         let _ = if x < 16 { 1i16 << x } else { panic!() };
   |                 ^^^^^^^^^^^^^^^^^^^^^^^^^^^^^^^^^^^^^^^^^ help: try: `1i16.checked_shl(x).unwrap()`

error: manual implementation of `checked_shl`
  --> $DIR/manual_checked_op.rs:30:17
   |
LL |         let _ = if x <= 15 { 1i16 << x } else { panic!() };
   |                 ^^^^^^^^^^^^^^^^^^^^^^^^^^^^^^^^^^^^^^^^^^ help: try: `1i16.checked_shl(x).unwrap()`

error: manual implementation of `checked_shl`
  --> $DIR/manual_checked_op.rs:31:17
   |
LL |         let _ = if x < 32 { 1i32 << x } else { panic!() };
   |                 ^^^^^^^^^^^^^^^^^^^^^^^^^^^^^^^^^^^^^^^^^ help: try: `1i32.checked_shl(x).unwrap()`

error: manual implementation of `checked_shl`
  --> $DIR/manual_checked_op.rs:32:17
   |
LL |         let _ = if x <= 31 { 1i32 << x } else { panic!() };
   |                 ^^^^^^^^^^^^^^^^^^^^^^^^^^^^^^^^^^^^^^^^^^ help: try: `1i32.checked_shl(x).unwrap()`

error: manual implementation of `checked_shl`
  --> $DIR/manual_checked_op.rs:33:17
   |
LL |         let _ = if x < 64 { 1i64 << x } else { panic!() };
   |                 ^^^^^^^^^^^^^^^^^^^^^^^^^^^^^^^^^^^^^^^^^ help: try: `1i64.checked_shl(x).unwrap()`

error: manual implementation of `checked_shl`
  --> $DIR/manual_checked_op.rs:34:17
   |
LL |         let _ = if x <= 63 { 1i64 << x } else { panic!() };
   |                 ^^^^^^^^^^^^^^^^^^^^^^^^^^^^^^^^^^^^^^^^^^ help: try: `1i64.checked_shl(x).unwrap()`

error: manual implementation of `checked_shl`
  --> $DIR/manual_checked_op.rs:35:17
   |
LL |         let _ = if x < 128 { 1i128 << x } else { panic!() };
   |                 ^^^^^^^^^^^^^^^^^^^^^^^^^^^^^^^^^^^^^^^^^^^ help: try: `1i128.checked_shl(x).unwrap()`

error: manual implementation of `checked_shl`
  --> $DIR/manual_checked_op.rs:36:17
   |
LL |         let _ = if x <= 127 { 1i128 << x } else { panic!() };
   |                 ^^^^^^^^^^^^^^^^^^^^^^^^^^^^^^^^^^^^^^^^^^^^ help: try: `1i128.checked_shl(x).unwrap()`

error: manual implementation of `checked_shl`
  --> $DIR/manual_checked_op.rs:38:17
   |
LL |         let _ = if x < i8::BITS { 1i8 << x } else { panic!() };
   |                 ^^^^^^^^^^^^^^^^^^^^^^^^^^^^^^^^^^^^^^^^^^^^^^ help: try: `1i8.checked_shl(x).unwrap()`

error: manual implementation of `checked_shl`
  --> $DIR/manual_checked_op.rs:39:17
   |
LL |         let _ = if x < i16::BITS { 1i16 << x } else { panic!() };
   |                 ^^^^^^^^^^^^^^^^^^^^^^^^^^^^^^^^^^^^^^^^^^^^^^^^ help: try: `1i16.checked_shl(x).unwrap()`

error: manual implementation of `checked_shl`
  --> $DIR/manual_checked_op.rs:40:17
   |
LL |         let _ = if x < i32::BITS { 1i32 << x } else { panic!() };
   |                 ^^^^^^^^^^^^^^^^^^^^^^^^^^^^^^^^^^^^^^^^^^^^^^^^ help: try: `1i32.checked_shl(x).unwrap()`

error: manual implementation of `checked_shl`
  --> $DIR/manual_checked_op.rs:41:17
   |
LL |         let _ = if x < i64::BITS { 1i64 << x } else { panic!() };
   |                 ^^^^^^^^^^^^^^^^^^^^^^^^^^^^^^^^^^^^^^^^^^^^^^^^ help: try: `1i64.checked_shl(x).unwrap()`

error: manual implementation of `checked_shl`
  --> $DIR/manual_checked_op.rs:42:17
   |
LL |         let _ = if x < i128::BITS { 1i128 << x } else { panic!() };
   |                 ^^^^^^^^^^^^^^^^^^^^^^^^^^^^^^^^^^^^^^^^^^^^^^^^^^ help: try: `1i128.checked_shl(x).unwrap()`

error: manual implementation of `checked_shl`
  --> $DIR/manual_checked_op.rs:43:17
   |
LL |         let _ = if x < isize::BITS { 1isize << x } else { panic!() };
   |                 ^^^^^^^^^^^^^^^^^^^^^^^^^^^^^^^^^^^^^^^^^^^^^^^^^^^^ help: try: `1isize.checked_shl(x).unwrap()`

error: manual implementation of `checked_shl`
  --> $DIR/manual_checked_op.rs:44:17
   |
LL |         let _ = if x <= isize::BITS - 1 { 1isize << x } else { panic!() };
   |                 ^^^^^^^^^^^^^^^^^^^^^^^^^^^^^^^^^^^^^^^^^^^^^^^^^^^^^^^^^ help: try: `1isize.checked_shl(x).unwrap()`

error: manual implementation of `checked_shr`
  --> $DIR/manual_checked_op.rs:101:17
   |
LL |         let _ = if x < 8 { 1u8 >> x } else { panic!() };
   |                 ^^^^^^^^^^^^^^^^^^^^^^^^^^^^^^^^^^^^^^^ help: try: `1u8.checked_shr(x).unwrap()`

error: manual implementation of `checked_shr`
  --> $DIR/manual_checked_op.rs:102:17
   |
LL |         let _ = if x <= 7 { 1u8 >> x } else { panic!() };
   |                 ^^^^^^^^^^^^^^^^^^^^^^^^^^^^^^^^^^^^^^^^ help: try: `1u8.checked_shr(x).unwrap()`

error: manual implementation of `checked_shr`
  --> $DIR/manual_checked_op.rs:103:17
   |
LL |         let _ = if x < 16 { 1u16 >> x } else { panic!() };
   |                 ^^^^^^^^^^^^^^^^^^^^^^^^^^^^^^^^^^^^^^^^^ help: try: `1u16.checked_shr(x).unwrap()`

error: manual implementation of `checked_shr`
  --> $DIR/manual_checked_op.rs:104:17
   |
LL |         let _ = if x <= 15 { 1u16 >> x } else { panic!() };
   |                 ^^^^^^^^^^^^^^^^^^^^^^^^^^^^^^^^^^^^^^^^^^ help: try: `1u16.checked_shr(x).unwrap()`

error: manual implementation of `checked_shr`
  --> $DIR/manual_checked_op.rs:105:17
   |
LL |         let _ = if x < 32 { 1u32 >> x } else { panic!() };
   |                 ^^^^^^^^^^^^^^^^^^^^^^^^^^^^^^^^^^^^^^^^^ help: try: `1u32.checked_shr(x).unwrap()`

error: manual implementation of `checked_shr`
  --> $DIR/manual_checked_op.rs:106:17
   |
LL |         let _ = if x <= 31 { 1u32 >> x } else { panic!() };
   |                 ^^^^^^^^^^^^^^^^^^^^^^^^^^^^^^^^^^^^^^^^^^ help: try: `1u32.checked_shr(x).unwrap()`

error: manual implementation of `checked_shr`
  --> $DIR/manual_checked_op.rs:107:17
   |
LL |         let _ = if x < 64 { 1u64 >> x } else { panic!() };
   |                 ^^^^^^^^^^^^^^^^^^^^^^^^^^^^^^^^^^^^^^^^^ help: try: `1u64.checked_shr(x).unwrap()`

error: manual implementation of `checked_shr`
  --> $DIR/manual_checked_op.rs:108:17
   |
LL |         let _ = if x <= 63 { 1u64 >> x } else { panic!() };
   |                 ^^^^^^^^^^^^^^^^^^^^^^^^^^^^^^^^^^^^^^^^^^ help: try: `1u64.checked_shr(x).unwrap()`

error: manual implementation of `checked_shr`
  --> $DIR/manual_checked_op.rs:109:17
   |
LL |         let _ = if x < 128 { 1u128 >> x } else { panic!() };
   |                 ^^^^^^^^^^^^^^^^^^^^^^^^^^^^^^^^^^^^^^^^^^^ help: try: `1u128.checked_shr(x).unwrap()`

error: manual implementation of `checked_shr`
  --> $DIR/manual_checked_op.rs:110:17
   |
LL |         let _ = if x <= 127 { 1u128 >> x } else { panic!() };
   |                 ^^^^^^^^^^^^^^^^^^^^^^^^^^^^^^^^^^^^^^^^^^^^ help: try: `1u128.checked_shr(x).unwrap()`

error: manual implementation of `checked_shr`
  --> $DIR/manual_checked_op.rs:112:17
   |
LL |         let _ = if x < u8::BITS { 1u8 >> x } else { panic!() };
   |                 ^^^^^^^^^^^^^^^^^^^^^^^^^^^^^^^^^^^^^^^^^^^^^^ help: try: `1u8.checked_shr(x).unwrap()`

error: manual implementation of `checked_shr`
  --> $DIR/manual_checked_op.rs:113:17
   |
LL |         let _ = if x < u16::BITS { 1u16 >> x } else { panic!() };
   |                 ^^^^^^^^^^^^^^^^^^^^^^^^^^^^^^^^^^^^^^^^^^^^^^^^ help: try: `1u16.checked_shr(x).unwrap()`

error: manual implementation of `checked_shr`
  --> $DIR/manual_checked_op.rs:114:17
   |
LL |         let _ = if x < u32::BITS { 1u32 >> x } else { panic!() };
   |                 ^^^^^^^^^^^^^^^^^^^^^^^^^^^^^^^^^^^^^^^^^^^^^^^^ help: try: `1u32.checked_shr(x).unwrap()`

error: manual implementation of `checked_shr`
  --> $DIR/manual_checked_op.rs:115:17
   |
LL |         let _ = if x < u64::BITS { 1u64 >> x } else { panic!() };
   |                 ^^^^^^^^^^^^^^^^^^^^^^^^^^^^^^^^^^^^^^^^^^^^^^^^ help: try: `1u64.checked_shr(x).unwrap()`

error: manual implementation of `checked_shr`
  --> $DIR/manual_checked_op.rs:116:17
   |
LL |         let _ = if x < u128::BITS { 1u128 >> x } else { panic!() };
   |                 ^^^^^^^^^^^^^^^^^^^^^^^^^^^^^^^^^^^^^^^^^^^^^^^^^^ help: try: `1u128.checked_shr(x).unwrap()`

error: manual implementation of `checked_shr`
  --> $DIR/manual_checked_op.rs:117:17
   |
LL |         let _ = if x < usize::BITS { 1usize >> x } else { panic!() };
   |                 ^^^^^^^^^^^^^^^^^^^^^^^^^^^^^^^^^^^^^^^^^^^^^^^^^^^^ help: try: `1usize.checked_shr(x).unwrap()`

error: manual implementation of `checked_shr`
  --> $DIR/manual_checked_op.rs:118:17
   |
LL |         let _ = if x <= usize::BITS - 1 { 1usize >> x } else { panic!() };
   |                 ^^^^^^^^^^^^^^^^^^^^^^^^^^^^^^^^^^^^^^^^^^^^^^^^^^^^^^^^^ help: try: `1usize.checked_shr(x).unwrap()`

error: manual implementation of `checked_shr`
  --> $DIR/manual_checked_op.rs:120:17
   |
LL |         let _ = if x < 8 { 1i8 >> x } else { panic!() };
   |                 ^^^^^^^^^^^^^^^^^^^^^^^^^^^^^^^^^^^^^^^ help: try: `1i8.checked_shr(x).unwrap()`

error: manual implementation of `checked_shr`
  --> $DIR/manual_checked_op.rs:121:17
   |
LL |         let _ = if x <= 7 { 1i8 >> x } else { panic!() };
   |                 ^^^^^^^^^^^^^^^^^^^^^^^^^^^^^^^^^^^^^^^^ help: try: `1i8.checked_shr(x).unwrap()`

error: manual implementation of `checked_shr`
  --> $DIR/manual_checked_op.rs:122:17
   |
LL |         let _ = if x < 16 { 1i16 >> x } else { panic!() };
   |                 ^^^^^^^^^^^^^^^^^^^^^^^^^^^^^^^^^^^^^^^^^ help: try: `1i16.checked_shr(x).unwrap()`

error: manual implementation of `checked_shr`
  --> $DIR/manual_checked_op.rs:123:17
   |
LL |         let _ = if x <= 15 { 1i16 >> x } else { panic!() };
   |                 ^^^^^^^^^^^^^^^^^^^^^^^^^^^^^^^^^^^^^^^^^^ help: try: `1i16.checked_shr(x).unwrap()`

error: manual implementation of `checked_shr`
  --> $DIR/manual_checked_op.rs:124:17
   |
LL |         let _ = if x < 32 { 1i32 >> x } else { panic!() };
   |                 ^^^^^^^^^^^^^^^^^^^^^^^^^^^^^^^^^^^^^^^^^ help: try: `1i32.checked_shr(x).unwrap()`

error: manual implementation of `checked_shr`
  --> $DIR/manual_checked_op.rs:125:17
   |
LL |         let _ = if x <= 31 { 1i32 >> x } else { panic!() };
   |                 ^^^^^^^^^^^^^^^^^^^^^^^^^^^^^^^^^^^^^^^^^^ help: try: `1i32.checked_shr(x).unwrap()`

error: manual implementation of `checked_shr`
  --> $DIR/manual_checked_op.rs:126:17
   |
LL |         let _ = if x < 64 { 1i64 >> x } else { panic!() };
   |                 ^^^^^^^^^^^^^^^^^^^^^^^^^^^^^^^^^^^^^^^^^ help: try: `1i64.checked_shr(x).unwrap()`

error: manual implementation of `checked_shr`
  --> $DIR/manual_checked_op.rs:127:17
   |
LL |         let _ = if x <= 63 { 1i64 >> x } else { panic!() };
   |                 ^^^^^^^^^^^^^^^^^^^^^^^^^^^^^^^^^^^^^^^^^^ help: try: `1i64.checked_shr(x).unwrap()`

error: manual implementation of `checked_shr`
  --> $DIR/manual_checked_op.rs:128:17
   |
LL |         let _ = if x < 128 { 1i128 >> x } else { panic!() };
   |                 ^^^^^^^^^^^^^^^^^^^^^^^^^^^^^^^^^^^^^^^^^^^ help: try: `1i128.checked_shr(x).unwrap()`

error: manual implementation of `checked_shr`
  --> $DIR/manual_checked_op.rs:129:17
   |
LL |         let _ = if x <= 127 { 1i128 >> x } else { panic!() };
   |                 ^^^^^^^^^^^^^^^^^^^^^^^^^^^^^^^^^^^^^^^^^^^^ help: try: `1i128.checked_shr(x).unwrap()`

error: manual implementation of `checked_shr`
  --> $DIR/manual_checked_op.rs:131:17
   |
LL |         let _ = if x < i8::BITS { 1i8 >> x } else { panic!() };
   |                 ^^^^^^^^^^^^^^^^^^^^^^^^^^^^^^^^^^^^^^^^^^^^^^ help: try: `1i8.checked_shr(x).unwrap()`

error: manual implementation of `checked_shr`
  --> $DIR/manual_checked_op.rs:132:17
   |
LL |         let _ = if x < i16::BITS { 1i16 >> x } else { panic!() };
   |                 ^^^^^^^^^^^^^^^^^^^^^^^^^^^^^^^^^^^^^^^^^^^^^^^^ help: try: `1i16.checked_shr(x).unwrap()`

error: manual implementation of `checked_shr`
  --> $DIR/manual_checked_op.rs:133:17
   |
LL |         let _ = if x < i32::BITS { 1i32 >> x } else { panic!() };
   |                 ^^^^^^^^^^^^^^^^^^^^^^^^^^^^^^^^^^^^^^^^^^^^^^^^ help: try: `1i32.checked_shr(x).unwrap()`

error: manual implementation of `checked_shr`
  --> $DIR/manual_checked_op.rs:134:17
   |
LL |         let _ = if x < i64::BITS { 1i64 >> x } else { panic!() };
   |                 ^^^^^^^^^^^^^^^^^^^^^^^^^^^^^^^^^^^^^^^^^^^^^^^^ help: try: `1i64.checked_shr(x).unwrap()`

error: manual implementation of `checked_shr`
  --> $DIR/manual_checked_op.rs:135:17
   |
LL |         let _ = if x < i128::BITS { 1i128 >> x } else { panic!() };
   |                 ^^^^^^^^^^^^^^^^^^^^^^^^^^^^^^^^^^^^^^^^^^^^^^^^^^ help: try: `1i128.checked_shr(x).unwrap()`

error: manual implementation of `checked_shr`
  --> $DIR/manual_checked_op.rs:136:17
   |
LL |         let _ = if x < isize::BITS { 1isize >> x } else { panic!() };
   |                 ^^^^^^^^^^^^^^^^^^^^^^^^^^^^^^^^^^^^^^^^^^^^^^^^^^^^ help: try: `1isize.checked_shr(x).unwrap()`

error: manual implementation of `checked_shr`
  --> $DIR/manual_checked_op.rs:137:17
   |
LL |         let _ = if x <= isize::BITS - 1 { 1isize >> x } else { panic!() };
   |                 ^^^^^^^^^^^^^^^^^^^^^^^^^^^^^^^^^^^^^^^^^^^^^^^^^^^^^^^^^ help: try: `1isize.checked_shr(x).unwrap()`

error: manual implementation of `checked_shl`
  --> $DIR/manual_checked_op.rs:194:17
   |
LL |         let _ = if x >= 8 { panic!() } else { 1u8 << x };
   |                 ^^^^^^^^^^^^^^^^^^^^^^^^^^^^^^^^^^^^^^^^ help: try: `1u8.checked_shl(x).unwrap()`

error: manual implementation of `checked_shl`
  --> $DIR/manual_checked_op.rs:195:17
   |
LL |         let _ = if x < 8 { 1u8 << x } else { panic!("custom message") };
   |                 ^^^^^^^^^^^^^^^^^^^^^^^^^^^^^^^^^^^^^^^^^^^^^^^^^^^^^^^ help: try: `1u8.checked_shl(x).expect("custom message")`

error: manual implementation of `checked_shl`
  --> $DIR/manual_checked_op.rs:196:17
   |
LL |           let _ = if x < 8 {
   |  _________________^
LL | |             1u8 << x
LL | |         } else {
LL | |             panic!("{x} formatted message")
LL | |         };
   | |_________^ help: try: `1u8.checked_shl(x).unwrap_or_else(|| panic!("{x} formatted message"))`

error: manual implementation of `checked_shl`
  --> $DIR/manual_checked_op.rs:201:17
   |
LL |         let _ = if x < 8 { 1u8 << x } else { std::process::abort() };
   |                 ^^^^^^^^^^^^^^^^^^^^^^^^^^^^^^^^^^^^^^^^^^^^^^^^^^^^ help: try: `1u8.checked_shl(x).unwrap_or_else(|| std::process::abort())`

error: manual implementation of `checked_shl`
  --> $DIR/manual_checked_op.rs:202:17
   |
LL |         let _ = if x < 8 { Some(1u8 << x) } else { std::process::abort() };
   |                 ^^^^^^^^^^^^^^^^^^^^^^^^^^^^^^^^^^^^^^^^^^^^^^^^^^^^^^^^^^ help: try: `1u8.checked_shl(x).or_else(|| std::process::abort())`

error: manual implementation of `checked_shl`
  --> $DIR/manual_checked_op.rs:203:17
   |
LL |         let _ = if x < 8 { Some(1u8 << x) } else { None };
   |                 ^^^^^^^^^^^^^^^^^^^^^^^^^^^^^^^^^^^^^^^^^ help: try: `1u8.checked_shl(x)`

error: manual implementation of `checked_add`
  --> $DIR/manual_checked_op.rs:209:17
   |
LL |         let _ = if x != u8::MAX { x + 1 } else { panic!() };
   |                 ^^^^^^^^^^^^^^^^^^^^^^^^^^^^^^^^^^^^^^^^^^^ help: try: `x.checked_add(1).unwrap()`

error: manual implementation of `checked_add`
  --> $DIR/manual_checked_op.rs:211:17
   |
LL |         let _ = if x != u16::MAX { x + 1 } else { panic!() };
   |                 ^^^^^^^^^^^^^^^^^^^^^^^^^^^^^^^^^^^^^^^^^^^^ help: try: `x.checked_add(1).unwrap()`

error: manual implementation of `checked_add`
  --> $DIR/manual_checked_op.rs:213:17
   |
LL |         let _ = if x != u32::MAX { x + 1 } else { panic!() };
   |                 ^^^^^^^^^^^^^^^^^^^^^^^^^^^^^^^^^^^^^^^^^^^^ help: try: `x.checked_add(1).unwrap()`

error: manual implementation of `checked_add`
  --> $DIR/manual_checked_op.rs:215:17
   |
LL |         let _ = if x != u64::MAX { x + 1 } else { panic!() };
   |                 ^^^^^^^^^^^^^^^^^^^^^^^^^^^^^^^^^^^^^^^^^^^^ help: try: `x.checked_add(1).unwrap()`

error: manual implementation of `checked_add`
  --> $DIR/manual_checked_op.rs:217:17
   |
LL |         let _ = if x != u128::MAX { x + 1 } else { panic!() };
   |                 ^^^^^^^^^^^^^^^^^^^^^^^^^^^^^^^^^^^^^^^^^^^^^ help: try: `x.checked_add(1).unwrap()`

error: manual implementation of `checked_add`
  --> $DIR/manual_checked_op.rs:220:17
   |
LL |         let _ = if x != i8::MAX { x + 1 } else { panic!() };
   |                 ^^^^^^^^^^^^^^^^^^^^^^^^^^^^^^^^^^^^^^^^^^^ help: try: `x.checked_add(1).unwrap()`

error: manual implementation of `checked_add`
  --> $DIR/manual_checked_op.rs:222:17
   |
LL |         let _ = if x != i16::MAX { x + 1 } else { panic!() };
   |                 ^^^^^^^^^^^^^^^^^^^^^^^^^^^^^^^^^^^^^^^^^^^^ help: try: `x.checked_add(1).unwrap()`

error: manual implementation of `checked_add`
  --> $DIR/manual_checked_op.rs:224:17
   |
LL |         let _ = if x != i32::MAX { x + 1 } else { panic!() };
   |                 ^^^^^^^^^^^^^^^^^^^^^^^^^^^^^^^^^^^^^^^^^^^^ help: try: `x.checked_add(1).unwrap()`

error: manual implementation of `checked_add`
  --> $DIR/manual_checked_op.rs:226:17
   |
LL |         let _ = if x != i64::MAX { x + 1 } else { panic!() };
   |                 ^^^^^^^^^^^^^^^^^^^^^^^^^^^^^^^^^^^^^^^^^^^^ help: try: `x.checked_add(1).unwrap()`

error: manual implementation of `checked_add`
  --> $DIR/manual_checked_op.rs:228:17
   |
LL |         let _ = if x != i128::MAX { x + 1 } else { panic!() };
   |                 ^^^^^^^^^^^^^^^^^^^^^^^^^^^^^^^^^^^^^^^^^^^^^ help: try: `x.checked_add(1).unwrap()`

error: manual implementation of `checked_add`
  --> $DIR/manual_checked_op.rs:231:17
   |
LL |         let _ = if x < u8::MAX - 2 { x + 2 } else { panic!() };
   |                 ^^^^^^^^^^^^^^^^^^^^^^^^^^^^^^^^^^^^^^^^^^^^^^ help: try: `x.checked_add(2).unwrap()`

error: manual implementation of `checked_add`
  --> $DIR/manual_checked_op.rs:233:17
   |
LL |         let _ = if x < u16::MAX - 2 { x + 2 } else { panic!() };
   |                 ^^^^^^^^^^^^^^^^^^^^^^^^^^^^^^^^^^^^^^^^^^^^^^^ help: try: `x.checked_add(2).unwrap()`

error: manual implementation of `checked_add`
  --> $DIR/manual_checked_op.rs:235:17
   |
LL |         let _ = if x < u32::MAX - 2 { x + 2 } else { panic!() };
   |                 ^^^^^^^^^^^^^^^^^^^^^^^^^^^^^^^^^^^^^^^^^^^^^^^ help: try: `x.checked_add(2).unwrap()`

error: manual implementation of `checked_add`
  --> $DIR/manual_checked_op.rs:237:17
   |
LL |         let _ = if x < u64::MAX - 2 { x + 2 } else { panic!() };
   |                 ^^^^^^^^^^^^^^^^^^^^^^^^^^^^^^^^^^^^^^^^^^^^^^^ help: try: `x.checked_add(2).unwrap()`

error: manual implementation of `checked_add`
  --> $DIR/manual_checked_op.rs:239:17
   |
LL |         let _ = if x < u128::MAX - 2 { x + 2 } else { panic!() };
   |                 ^^^^^^^^^^^^^^^^^^^^^^^^^^^^^^^^^^^^^^^^^^^^^^^^ help: try: `x.checked_add(2).unwrap()`

error: manual implementation of `checked_add`
  --> $DIR/manual_checked_op.rs:242:17
   |
LL |         let _ = if x < i8::MAX - 2 { x + 2 } else { panic!() };
   |                 ^^^^^^^^^^^^^^^^^^^^^^^^^^^^^^^^^^^^^^^^^^^^^^ help: try: `x.checked_add(2).unwrap()`

error: manual implementation of `checked_add`
  --> $DIR/manual_checked_op.rs:244:17
   |
LL |         let _ = if x < i16::MAX - 2 { x + 2 } else { panic!() };
   |                 ^^^^^^^^^^^^^^^^^^^^^^^^^^^^^^^^^^^^^^^^^^^^^^^ help: try: `x.checked_add(2).unwrap()`

error: manual implementation of `checked_add`
  --> $DIR/manual_checked_op.rs:246:17
   |
LL |         let _ = if x < i32::MAX - 2 { x + 2 } else { panic!() };
   |                 ^^^^^^^^^^^^^^^^^^^^^^^^^^^^^^^^^^^^^^^^^^^^^^^ help: try: `x.checked_add(2).unwrap()`

error: manual implementation of `checked_add`
  --> $DIR/manual_checked_op.rs:248:17
   |
LL |         let _ = if x < i64::MAX - 2 { x + 2 } else { panic!() };
   |                 ^^^^^^^^^^^^^^^^^^^^^^^^^^^^^^^^^^^^^^^^^^^^^^^ help: try: `x.checked_add(2).unwrap()`

error: manual implementation of `checked_add`
  --> $DIR/manual_checked_op.rs:250:17
   |
LL |         let _ = if x < i128::MAX - 2 { x + 2 } else { panic!() };
   |                 ^^^^^^^^^^^^^^^^^^^^^^^^^^^^^^^^^^^^^^^^^^^^^^^^ help: try: `x.checked_add(2).unwrap()`

error: manual implementation of `checked_add`
  --> $DIR/manual_checked_op.rs:253:17
   |
LL |         let _ = if u8::MAX != x { 1 + x } else { panic!() };
   |                 ^^^^^^^^^^^^^^^^^^^^^^^^^^^^^^^^^^^^^^^^^^^ help: try: `x.checked_add(1).unwrap()`

error: manual implementation of `checked_add`
  --> $DIR/manual_checked_op.rs:254:17
   |
LL |         let _ = if u8::MAX - 3 > x { x + 3 } else { panic!() };
   |                 ^^^^^^^^^^^^^^^^^^^^^^^^^^^^^^^^^^^^^^^^^^^^^^ help: try: `x.checked_add(3).unwrap()`

error: manual implementation of `checked_add`
  --> $DIR/manual_checked_op.rs:255:17
   |
LL |         let _ = if x < u8::MAX - 3 { 3 + x } else { panic!() };
   |                 ^^^^^^^^^^^^^^^^^^^^^^^^^^^^^^^^^^^^^^^^^^^^^^ help: try: `x.checked_add(3).unwrap()`

error: aborting due to 97 previous errors

