error: single-character lifetime names are likely uninformative
  --> $DIR/single_char_lifetime_names.rs:5:22
   |
LL | struct DiagnosticCtx<'a, 'b>
   |                      ^^
   |
   = note: `-D clippy::single-char-lifetime-names` implied by `-D warnings`
   = help: use a more informative name

error: single-character lifetime names are likely uninformative
  --> $DIR/single_char_lifetime_names.rs:5:26
   |
LL | struct DiagnosticCtx<'a, 'b>
   |                          ^^
   |
   = help: use a more informative name

error: single-character lifetime names are likely uninformative
  --> $DIR/single_char_lifetime_names.rs:14:6
   |
LL | impl<'a, 'b> DiagnosticCtx<'a, 'b> {
   |      ^^
   |
   = help: use a more informative name

error: single-character lifetime names are likely uninformative
  --> $DIR/single_char_lifetime_names.rs:14:10
   |
LL | impl<'a, 'b> DiagnosticCtx<'a, 'b> {
   |          ^^
   |
   = help: use a more informative name

error: single-character lifetime names are likely uninformative
  --> $DIR/single_char_lifetime_names.rs:34:15
   |
LL | fn split_once<'a>(base: &'a str, other: &'_ str) -> (&'a str, Option<&'a str>) {
   |               ^^
   |
   = help: use a more informative name

error: aborting due to 5 previous errors

